[19:03:31.467] [INFO] CharacterReloadCompat: applied finalizer guard on BodyGeneratorView's constructor.
[19:07:49.575] [INFO] [Sanity] OnHeroPrisonerTaken fired: prisoner=Lyfris of the Wolfskins, capturer=Beathag's Party
[19:08:52.777] [INFO] [Sanity] OnHeroPrisonerTaken fired: prisoner=Olypos, capturer=Esur's Party
[19:11:36.025] [INFO] CharacterReloadCompat: applied finalizer guard on BodyGeneratorView's constructor.
[20:04:51.877] [INFO] CharacterReloadCompat: applied finalizer guard on BodyGeneratorView's constructor.
[23:39:06.234] [INFO] [CnKAIInfluenceBridge] Initialized successfully.
[23:48:00.300] [INFO] CharacterReloadCompat: applied finalizer guard on BodyGeneratorView's constructor.
[00:07:17.101] [INFO] CharacterReloadCompat: applied finalizer guard on BodyGeneratorView's constructor.
[00:09:06.171] [INFO] [CnKAIInfluenceBridge] Initialized successfully.
[00:10:53.864] [INFO] CharacterReloadCompat: applied finalizer guard on BodyGeneratorView's constructor.
[00:14:21.094] [INFO] CharacterReloadCompat: applied finalizer guard on BodyGeneratorView's constructor.
[00:47:15.563] [INFO] [CnKAIInfluenceBridge] Initialized successfully.
[00:55:06.333] [INFO] CharacterReloadCompat: applied finalizer guard on BodyGeneratorView's constructor.
[18:04:09.843] [INFO] CharacterReloadCompat: applied finalizer guard on BodyGeneratorView's constructor.
[18:09:02.655] [INFO] [CnKAIInfluenceBridge] Initialized successfully.
[18:10:24.998] [INFO] CharacterReloadCompat: applied finalizer guard on BodyGeneratorView's constructor.
[18:30:23.549] [INFO] CharacterReloadCompat: applied finalizer guard on BodyGeneratorView's constructor.
[18:31:35.986] [INFO] [CnKAIInfluenceBridge] Initialized successfully.
[16:57:13.631] [INFO] CharacterReloadCompat: applied finalizer guard on BodyGeneratorView's constructor.
[16:59:14.368] [INFO] [Sanity] OnHeroPrisonerTaken fired: prisoner=Lyfris of the Wolfskins, capturer=Beathag's Party
[16:59:40.700] [INFO] HasturCult: cultist placed in Lycaron.
[17:00:52.508] [INFO] [CnKAIInfluenceBridge] Initialized successfully.
[17:01:15.960] [INFO] [Sanity] OnHeroPrisonerTaken fired: prisoner=Pryndor, capturer=Tadeos' Party
[17:01:16.277] [INFO] [Sanity] OnHeroPrisonerTaken fired: prisoner=Olypos, capturer=Khada's Party
[17:01:17.500] [INFO] [Sanity] OnHeroPrisonerTaken fired: prisoner=Jathea, capturer=Tariq's Party
[17:02:12.253] [INFO] [Sanity] OnHeroPrisonerTaken fired: prisoner=Lyfris of the Wolfskins, capturer=Beathag's Party
[17:03:03.625] [INFO] HasturCult: cultist placed in Lycaron.
[17:03:33.203] [INFO] [Sanity] OnHeroPrisonerTaken fired: prisoner=Varmyros, capturer=Haqr of the Jawwal's Party
[17:03:33.218] [INFO] [Sanity] OnHeroPrisonerTaken fired: prisoner=Jathea, capturer=Tariq's Party
[17:03:41.772] [INFO] [Sanity] OnHeroPrisonerTaken fired: prisoner=Haqr of the Jawwal, capturer=Jastion's Party
[17:23:27.352] [INFO] CharacterReloadCompat: applied finalizer guard on BodyGeneratorView's constructor.
[20:48:31.497] [INFO] CharacterReloadCompat: applied finalizer guard on BodyGeneratorView's constructor.
[21:05:55.947] [INFO] CharacterReloadCompat: applied finalizer guard on BodyGeneratorView's constructor.
[21:13:53.180] [INFO] CharacterReloadCompat: applied finalizer guard on BodyGeneratorView's constructor.
[21:16:17.892] [INFO] CharacterReloadCompat: applied finalizer guard on BodyGeneratorView's constructor.
[21:29:24.688] [INFO] CharacterReloadCompat: applied finalizer guard on BodyGeneratorView's constructor.
[21:35:30.906] [INFO] CharacterReloadCompat: applied finalizer guard on BodyGeneratorView's constructor.
[21:38:58.331] [INFO] CharacterReloadCompat: applied finalizer guard on BodyGeneratorView's constructor.
[23:29:34.012] [INFO] [Sanity] OnHeroPrisonerTaken fired: prisoner=Lyfris of the Wolfskins, capturer=Beathag's Party
[23:30:41.339] [INFO] [Sanity] OnHeroPrisonerTaken fired: prisoner=Olypos, capturer=Ergene's Party
[00:21:42.321] [INFO] HasturCult: cultist placed in Lycaron.
[00:38:12.909] [INFO] CharacterReloadCompat: applied finalizer guard on BodyGeneratorView's constructor.
[00:41:29.435] [INFO] [CnKAIInfluenceBridge] Initialized successfully.
[02:49:57.462] [INFO] CharacterReloadCompat: applied finalizer guard on BodyGeneratorView's constructor.
[03:02:11.512] [INFO] CharacterReloadCompat: applied finalizer guard on BodyGeneratorView's constructor.
[11:32:44.826] [INFO] CharacterReloadCompat: applied finalizer guard on BodyGeneratorView's constructor.
[11:42:50.398] [INFO] [CnKAIInfluenceBridge] Initialized successfully.
[11:50:59.512] [INFO] CharacterReloadCompat: applied finalizer guard on BodyGeneratorView's constructor.
[12:00:55.748] [INFO] CharacterReloadCompat: applied finalizer guard on BodyGeneratorView's constructor.
[12:02:24.875] [INFO] CharacterReloadCompat: applied finalizer guard on BodyGeneratorView's constructor.
[17:38:00.836] [INFO] CharacterReloadCompat: applied finalizer guard on BodyGeneratorView's constructor.
[17:40:02.441] [INFO] CharacterReloadCompat: applied finalizer guard on BodyGeneratorView's constructor.
[18:40:11.556] [INFO] CharacterReloadCompat: applied finalizer guard on BodyGeneratorView's constructor.
[18:56:55.537] [INFO] CharacterReloadCompat: applied finalizer guard on BodyGeneratorView's constructor.
